com\wisely\e_commercecard\model\Image.class
com\wisely\e_commercecard\controllers\ProductController.class
com\wisely\e_commercecard\dto\ImageDto.class
com\wisely\e_commercecard\service\cart\ICartItemService.class
com\wisely\e_commercecard\config\ECommerceConfig.class
com\wisely\e_commercecard\repository\CartItemRepository.class
com\wisely\e_commercecard\repository\CategoryRepository.class
com\wisely\e_commercecard\controllers\CartItemController.class
com\wisely\e_commercecard\model\Cart.class
com\wisely\e_commercecard\model\Product.class
com\wisely\e_commercecard\service\category\CategoryService.class
com\wisely\e_commercecard\service\image\IImageService.class
com\wisely\e_commercecard\requsets\ProductUpdateRequest.class
com\wisely\e_commercecard\repository\CartRepository.class
com\wisely\e_commercecard\requsets\AddProductRequest.class
com\wisely\e_commercecard\service\cart\ICartService.class
com\wisely\e_commercecard\repository\ProductRepository.class
com\wisely\e_commercecard\controllers\CategoryController.class
com\wisely\e_commercecard\exception\AlreadyExistsException.class
com\wisely\e_commercecard\service\product\IProductService.class
com\wisely\e_commercecard\service\cart\CartItemService.class
com\wisely\e_commercecard\repository\ImageRepository.class
com\wisely\e_commercecard\controllers\ImageController.class
com\wisely\e_commercecard\exception\ProductNotFoundException.class
com\wisely\e_commercecard\model\CartItem.class
com\wisely\e_commercecard\service\image\ImageService.class
com\wisely\e_commercecard\ECommerceCardApplication.class
com\wisely\e_commercecard\response\ApiResponse.class
com\wisely\e_commercecard\service\category\ICategoryService.class
com\wisely\e_commercecard\dto\ProductDto.class
com\wisely\e_commercecard\service\product\ProductService.class
com\wisely\e_commercecard\exception\ResourceNotFoundException.class
com\wisely\e_commercecard\model\Category.class
com\wisely\e_commercecard\controllers\CartController.class
com\wisely\e_commercecard\service\cart\CartService.class
