D:\spring_boot\e-commerce-card\src\main\java\com\wisely\e_commercecard\config\ECommerceConfig.java
D:\spring_boot\e-commerce-card\src\main\java\com\wisely\e_commercecard\controllers\CartController.java
D:\spring_boot\e-commerce-card\src\main\java\com\wisely\e_commercecard\controllers\CartItemController.java
D:\spring_boot\e-commerce-card\src\main\java\com\wisely\e_commercecard\controllers\CategoryController.java
D:\spring_boot\e-commerce-card\src\main\java\com\wisely\e_commercecard\controllers\ImageController.java
D:\spring_boot\e-commerce-card\src\main\java\com\wisely\e_commercecard\controllers\ProductController.java
D:\spring_boot\e-commerce-card\src\main\java\com\wisely\e_commercecard\dto\ImageDto.java
D:\spring_boot\e-commerce-card\src\main\java\com\wisely\e_commercecard\dto\ProductDto.java
D:\spring_boot\e-commerce-card\src\main\java\com\wisely\e_commercecard\ECommerceCardApplication.java
D:\spring_boot\e-commerce-card\src\main\java\com\wisely\e_commercecard\exception\AlreadyExistsException.java
D:\spring_boot\e-commerce-card\src\main\java\com\wisely\e_commercecard\exception\ProductNotFoundException.java
D:\spring_boot\e-commerce-card\src\main\java\com\wisely\e_commercecard\exception\ResourceNotFoundException.java
D:\spring_boot\e-commerce-card\src\main\java\com\wisely\e_commercecard\model\Cart.java
D:\spring_boot\e-commerce-card\src\main\java\com\wisely\e_commercecard\model\CartItem.java
D:\spring_boot\e-commerce-card\src\main\java\com\wisely\e_commercecard\model\Category.java
D:\spring_boot\e-commerce-card\src\main\java\com\wisely\e_commercecard\model\Image.java
D:\spring_boot\e-commerce-card\src\main\java\com\wisely\e_commercecard\model\Product.java
D:\spring_boot\e-commerce-card\src\main\java\com\wisely\e_commercecard\repository\CartItemRepository.java
D:\spring_boot\e-commerce-card\src\main\java\com\wisely\e_commercecard\repository\CartRepository.java
D:\spring_boot\e-commerce-card\src\main\java\com\wisely\e_commercecard\repository\CategoryRepository.java
D:\spring_boot\e-commerce-card\src\main\java\com\wisely\e_commercecard\repository\ImageRepository.java
D:\spring_boot\e-commerce-card\src\main\java\com\wisely\e_commercecard\repository\ProductRepository.java
D:\spring_boot\e-commerce-card\src\main\java\com\wisely\e_commercecard\requsets\AddProductRequest.java
D:\spring_boot\e-commerce-card\src\main\java\com\wisely\e_commercecard\requsets\ProductUpdateRequest.java
D:\spring_boot\e-commerce-card\src\main\java\com\wisely\e_commercecard\response\ApiResponse.java
D:\spring_boot\e-commerce-card\src\main\java\com\wisely\e_commercecard\service\cart\CartItemService.java
D:\spring_boot\e-commerce-card\src\main\java\com\wisely\e_commercecard\service\cart\CartService.java
D:\spring_boot\e-commerce-card\src\main\java\com\wisely\e_commercecard\service\cart\ICartItemService.java
D:\spring_boot\e-commerce-card\src\main\java\com\wisely\e_commercecard\service\cart\ICartService.java
D:\spring_boot\e-commerce-card\src\main\java\com\wisely\e_commercecard\service\category\CategoryService.java
D:\spring_boot\e-commerce-card\src\main\java\com\wisely\e_commercecard\service\category\ICategoryService.java
D:\spring_boot\e-commerce-card\src\main\java\com\wisely\e_commercecard\service\image\IImageService.java
D:\spring_boot\e-commerce-card\src\main\java\com\wisely\e_commercecard\service\image\ImageService.java
D:\spring_boot\e-commerce-card\src\main\java\com\wisely\e_commercecard\service\product\IProductService.java
D:\spring_boot\e-commerce-card\src\main\java\com\wisely\e_commercecard\service\product\ProductService.java
